тут мои ошибочки, чекни
> rest-express@1.0.0 check
> tsc

client/src/App.tsx(25,40): error TS2322: Type 'FC<{}>' is not assignable to type '() => Element'.
  Target signature provides too few arguments. Expected 1 or more, but got 0.
client/src/components/call-modal.tsx(8,8): error TS2307: Cannot find module '@/components/ui/dialog' or its corresponding type declarations.
client/src/components/call-modal.tsx(9,24): error TS2307: Cannot find module '@/components/ui/button' or its corresponding type declarations.
client/src/components/call-modal.tsx(10,53): error TS2307: Cannot find module '@/components/ui/avatar' or its corresponding type declarations.
client/src/components/call-modal.tsx(12,29): error TS2307: Cannot find module '@/lib/i18n/LanguageContext' or its corresponding type declarations.
client/src/components/electron-info.tsx(2,29): error TS2307: Cannot find module '@/hooks/use-electron' or its corresponding type declarations.
client/src/components/electron-info.tsx(3,58): error TS2307: Cannot find module '@/components/ui/card' or its corresponding type declarations.
client/src/components/electron-info.tsx(4,24): error TS2307: Cannot find module '@/components/ui/button' or its corresponding type declarations.
client/src/components/electron-info.tsx(5,23): error TS2307: Cannot find module '@/components/ui/badge' or its corresponding type declarations.
client/src/components/electron-info.tsx(6,30): error TS2307: Cannot find module '@/lib/useWebSocket' or its corresponding type declarations.
client/src/components/electron-info.tsx(15,29): error TS2307: Cannot find module '@/lib/i18n/LanguageContext.tsx' or its corresponding type declarations.
client/src/components/language-switcher.tsx(2,33): error TS2307: Cannot find module '@/hooks/use-translations' or its corresponding type declarations.
client/src/components/language-switcher.tsx(9,8): error TS2307: Cannot find module '@/components/ui/select' or its corresponding type declarations.
client/src/components/language-switcher.tsx(10,23): error TS2307: Cannot find module '@/components/ui/label' or its corresponding type declarations.
client/src/components/layout/header.tsx(2,25): error TS2307: Cannot find module '@/hooks/use-auth' or its corresponding type declarations.
client/src/components/layout/header.tsx(4,29): error TS2307: Cannot find module '@/lib/i18n/LanguageContext' or its corresponding type declarations.
client/src/components/layout/header.tsx(5,40): error TS2307: Cannot find module '@/components/ui/avatar' or its corresponding type declarations.
client/src/components/layout/header.tsx(13,8): error TS2307: Cannot find module '@/components/ui/dropdown-menu' or its corresponding type declarations.
client/src/components/layout/header.tsx(22,24): error TS2307: Cannot find module '@/components/ui/button' or its corresponding type declarations.
client/src/components/layout/header.tsx(23,23): error TS2307: Cannot find module '@/components/ui/badge' or its corresponding type declarations.
client/src/components/layout/sidebar.tsx(1,25): error TS2307: Cannot find module '@/hooks/use-auth' or its corresponding type declarations.
client/src/components/layout/sidebar.tsx(2,20): error TS2307: Cannot find module '@/lib/utils' or its corresponding type declarations.
client/src/components/layout/sidebar.tsx(16,24): error TS2307: Cannot find module '@/components/ui/button' or its corresponding type declarations.
client/src/components/layout/sidebar.tsx(17,23): error TS2307: Cannot find module '@/components/ui/badge' or its corresponding type declarations.
client/src/components/layout/sidebar.tsx(18,34): error TS2307: Cannot find module '@/types/sections' or its corresponding type declarations.
client/src/components/layout/sidebar.tsx(19,29): error TS2307: Cannot find module '@/lib/i18n/LanguageContext' or its corresponding type declarations.
client/src/components/ui/accordion.tsx(5,20): error TS2307: Cannot find module '@/lib/utils' or its corresponding type declarations.
client/src/components/ui/alert-dialog.tsx(4,20): error TS2307: Cannot find module '@/lib/utils' or its corresponding type declarations.
client/src/components/ui/alert-dialog.tsx(5,32): error TS2307: Cannot find module '@/components/ui/button' or its corresponding type declarations.
client/src/components/ui/alert.tsx(4,20): error TS2307: Cannot find module '@/lib/utils' or its corresponding type declarations.
client/src/components/ui/avatar.tsx(4,20): error TS2307: Cannot find module '@/lib/utils' or its corresponding type declarations.
client/src/components/ui/badge.tsx(3,20): error TS2307: Cannot find module '@/lib/utils' or its corresponding type declarations.
client/src/components/ui/breadcrumb.tsx(5,20): error TS2307: Cannot find module '@/lib/utils' or its corresponding type declarations.
client/src/components/ui/button.tsx(5,20): error TS2307: Cannot find module '@/lib/utils' or its corresponding type declarations.
client/src/components/ui/calendar.tsx(5,20): error TS2307: Cannot find module '@/lib/utils' or its corresponding type declarations.
client/src/components/ui/calendar.tsx(6,32): error TS2307: Cannot find module '@/components/ui/button' or its corresponding type declarations.
client/src/components/ui/card.tsx(3,20): error TS2307: Cannot find module '@/lib/utils' or its corresponding type declarations.
client/src/components/ui/carousel.tsx(7,20): error TS2307: Cannot find module '@/lib/utils' or its corresponding type declarations.
client/src/components/ui/carousel.tsx(8,24): error TS2307: Cannot find module '@/components/ui/button' or its corresponding type declarations.
client/src/components/ui/chart.tsx(4,20): error TS2307: Cannot find module '@/lib/utils' or its corresponding type declarations.
client/src/components/ui/checkbox.tsx(5,20): error TS2307: Cannot find module '@/lib/utils' or its corresponding type declarations.
client/src/components/ui/command.tsx(6,20): error TS2307: Cannot find module '@/lib/utils' or its corresponding type declarations.
client/src/components/ui/command.tsx(7,39): error TS2307: Cannot find module '@/components/ui/dialog' or its corresponding type declarations.
client/src/components/ui/context-menu.tsx(5,20): error TS2307: Cannot find module '@/lib/utils' or its corresponding type declarations.
client/src/components/ui/dialog.tsx(5,20): error TS2307: Cannot find module '@/lib/utils' or its corresponding type declarations.
client/src/components/ui/drawer.tsx(4,20): error TS2307: Cannot find module '@/lib/utils' or its corresponding type declarations.
client/src/components/ui/dropdown-menu.tsx(5,20): error TS2307: Cannot find module '@/lib/utils' or its corresponding type declarations.
client/src/components/ui/form.tsx(13,20): error TS2307: Cannot find module '@/lib/utils' or its corresponding type declarations.
client/src/components/ui/form.tsx(14,23): error TS2307: Cannot find module '@/components/ui/label' or its corresponding type declarations.
client/src/components/ui/hover-card.tsx(4,20): error TS2307: Cannot find module '@/lib/utils' or its corresponding type declarations.
client/src/components/ui/input-otp.tsx(5,20): error TS2307: Cannot find module '@/lib/utils' or its corresponding type declarations.
client/src/components/ui/input.tsx(3,20): error TS2307: Cannot find module '@/lib/utils' or its corresponding type declarations.
client/src/components/ui/label.tsx(5,20): error TS2307: Cannot find module '@/lib/utils' or its corresponding type declarations.
client/src/components/ui/menubar.tsx(5,20): error TS2307: Cannot find module '@/lib/utils' or its corresponding type declarations.
client/src/components/ui/navigation-menu.tsx(6,20): error TS2307: Cannot find module '@/lib/utils' or its corresponding type declarations.
client/src/components/ui/pagination.tsx(4,20): error TS2307: Cannot find module '@/lib/utils' or its corresponding type declarations.
client/src/components/ui/pagination.tsx(5,45): error TS2307: Cannot find module '@/components/ui/button' or its corresponding type declarations.
client/src/components/ui/pagination.tsx(68,5): error TS2783: 'size' is specified more than once, so this usage will be overwritten.
client/src/components/ui/pagination.tsx(84,5): error TS2783: 'size' is specified more than once, so this usage will be overwritten.
client/src/components/ui/popover.tsx(4,20): error TS2307: Cannot find module '@/lib/utils' or its corresponding type declarations.
client/src/components/ui/progress.tsx(4,20): error TS2307: Cannot find module '@/lib/utils' or its corresponding type declarations.
client/src/components/ui/radio-group.tsx(5,20): error TS2307: Cannot find module '@/lib/utils' or its corresponding type declarations.
client/src/components/ui/resizable.tsx(4,20): error TS2307: Cannot find module '@/lib/utils' or its corresponding type declarations.
client/src/components/ui/scroll-area.tsx(4,20): error TS2307: Cannot find module '@/lib/utils' or its corresponding type declarations.
client/src/components/ui/select.tsx(5,20): error TS2307: Cannot find module '@/lib/utils' or its corresponding type declarations.
client/src/components/ui/separator.tsx(4,20): error TS2307: Cannot find module '@/lib/utils' or its corresponding type declarations.
client/src/components/ui/sheet.tsx(6,20): error TS2307: Cannot find module '@/lib/utils' or its corresponding type declarations.
client/src/components/ui/sidebar.tsx(6,29): error TS2307: Cannot find module '@/hooks/use-mobile' or its corresponding type declarations.
client/src/components/ui/sidebar.tsx(7,20): error TS2307: Cannot find module '@/lib/utils' or its corresponding type declarations.
client/src/components/ui/sidebar.tsx(8,24): error TS2307: Cannot find module '@/components/ui/button' or its corresponding type declarations.
client/src/components/ui/sidebar.tsx(9,23): error TS2307: Cannot find module '@/components/ui/input' or its corresponding type declarations.
client/src/components/ui/sidebar.tsx(10,27): error TS2307: Cannot find module '@/components/ui/separator' or its corresponding type declarations.
client/src/components/ui/sidebar.tsx(11,37): error TS2307: Cannot find module '@/components/ui/sheet' or its corresponding type declarations.
client/src/components/ui/sidebar.tsx(12,26): error TS2307: Cannot find module '@/components/ui/skeleton' or its corresponding type declarations.
client/src/components/ui/sidebar.tsx(18,8): error TS2307: Cannot find module '@/components/ui/tooltip' or its corresponding type declarations.
client/src/components/ui/sidebar.tsx(274,17): error TS7006: Parameter 'event' implicitly has an 'any' type.
client/src/components/ui/skeleton.tsx(1,20): error TS2307: Cannot find module '@/lib/utils' or its corresponding type declarations.
client/src/components/ui/slider.tsx(4,20): error TS2307: Cannot find module '@/lib/utils' or its corresponding type declarations.
client/src/components/ui/switch.tsx(4,20): error TS2307: Cannot find module '@/lib/utils' or its corresponding type declarations.
client/src/components/ui/table.tsx(3,20): error TS2307: Cannot find module '@/lib/utils' or its corresponding type declarations.
client/src/components/ui/tabs.tsx(4,20): error TS2307: Cannot find module '@/lib/utils' or its corresponding type declarations.
client/src/components/ui/textarea.tsx(3,20): error TS2307: Cannot find module '@/lib/utils' or its corresponding type declarations.
client/src/components/ui/toast.tsx(6,20): error TS2307: Cannot find module '@/lib/utils' or its corresponding type declarations.
client/src/components/ui/toaster.tsx(1,26): error TS2307: Cannot find module '@/hooks/use-toast' or its corresponding type declarations.
client/src/components/ui/toaster.tsx(9,8): error TS2307: Cannot find module '@/components/ui/toast' or its corresponding type declarations.
client/src/components/ui/toaster.tsx(16,31): error TS7031: Binding element 'id' implicitly has an 'any' type.
client/src/components/ui/toaster.tsx(16,35): error TS7031: Binding element 'title' implicitly has an 'any' type.
client/src/components/ui/toaster.tsx(16,42): error TS7031: Binding element 'description' implicitly has an 'any' type.
client/src/components/ui/toaster.tsx(16,55): error TS7031: Binding element 'action' implicitly has an 'any' type.
client/src/components/ui/toggle-group.tsx(5,20): error TS2307: Cannot find module '@/lib/utils' or its corresponding type declarations.
client/src/components/ui/toggle-group.tsx(6,32): error TS2307: Cannot find module '@/components/ui/toggle' or its corresponding type declarations.
client/src/components/ui/toggle-group.tsx(20,4): error TS2322: Type '{ children: Element; ref: ForwardedRef<HTMLDivElement>; className: any; } | { children: Element; ref: ForwardedRef<HTMLDivElement>; className: any; }' is not assignable to type 'IntrinsicAttributes & ((ToggleGroupSingleProps | ToggleGroupMultipleProps) & RefAttributes<HTMLDivElement>)'.
  Type '{ children: Element; ref: ForwardedRef<HTMLDivElement>; className: any; }' is not assignable to type 'IntrinsicAttributes & ((ToggleGroupSingleProps | ToggleGroupMultipleProps) & RefAttributes<HTMLDivElement>)'.
    Property 'type' is missing in type '{ children: Element; ref: ForwardedRef<HTMLDivElement>; className: any; }' but required in type 'ToggleGroupMultipleProps'.
client/src/components/ui/toggle-group.tsx(41,6): error TS2741: Property 'value' is missing in type '{ children: any; ref: ForwardedRef<HTMLButtonElement>; className: any; }' but required in type 'Omit<ToggleGroupItemImplProps, "pressed">'.
client/src/components/ui/toggle.tsx(5,20): error TS2307: Cannot find module '@/lib/utils' or its corresponding type declarations.
client/src/components/ui/tooltip.tsx(4,20): error TS2307: Cannot find module '@/lib/utils' or its corresponding type declarations.
client/src/components/ui/window-frame.tsx(3,24): error TS2307: Cannot find module '@/components/ui/button' or its corresponding type declarations.
client/src/components/ui/window-frame.tsx(4,29): error TS2307: Cannot find module '@/hooks/use-electron' or its corresponding type declarations.
client/src/contexts/auth-provider.tsx(2,27): error TS2307: Cannot find module '@shared/schema' or its corresponding type declarations.
client/src/contexts/auth-provider.tsx(36,51): error TS18004: No value exists in scope for the shorthand property 'login'. Either declare one or provide an initializer.
client/src/contexts/auth-provider.tsx(36,58): error TS18004: No value exists in scope for the shorthand property 'logout'. Either declare one or provide an initializer.
client/src/hooks/use-auth.tsx(16,26): error TS2307: Cannot find module '@/hooks/use-toast' or its corresponding type declarations.
client/src/hooks/use-auth.tsx(23,31): error TS2345: Argument of type '() => string' is not assignable to parameter of type 'ErrMessage | undefined'.
client/src/hooks/use-auth.tsx(24,31): error TS2345: Argument of type '() => string' is not assignable to parameter of type 'ErrMessage | undefined'.
client/src/hooks/use-auth.tsx(30,40): error TS2345: Argument of type '() => string' is not assignable to parameter of type 'ErrMessage | undefined'.
client/src/hooks/use-auth.tsx(32,4): error TS2769: No overload matches this call.
  Overload 1 of 2, '(check: (arg: { username: string; email: string; password: string; firstName: string; lastName: string; confirmPassword: string; }) => arg is { username: string; email: string; password: string; firstName: string; lastName: string; confirmPassword: string; }, message?: string | ... 2 more ... | undefined): ZodEffects<...>', gave the following error.
    Argument of type '(data: { username: string; email: string; password: string; firstName: string; lastName: string; confirmPassword: string; }) => boolean' is not assignable to parameter of type '(arg: { username: string; email: string; password: string; firstName: string; lastName: string; confirmPassword: string; }) => arg is { username: string; email: string; password: string; firstName: string; lastName: string; confirmPassword: string; }'.
      Signature '(data: { username: string; email: string; password: string; firstName: string; lastName: string; confirmPassword: string; }): boolean' must be a type predicate.
  Overload 2 of 2, '(check: (arg: { username: string; email: string; password: string; firstName: string; lastName: string; confirmPassword: string; }) => unknown, message?: string | Partial<Omit<ZodCustomIssue, "code">> | ((arg: { ...; }) => Partial<...>) | undefined): ZodEffects<...>', gave the following error.
    Type '() => string' is not assignable to type 'string'.
client/src/hooks/use-auth.tsx(109,25): error TS2345: Argument of type '{ on401: string; }' is not assignable to parameter of type 'string'.
client/src/hooks/use-auth.tsx(228,14): error TS2352: Conversion of type '{ id: number; username: string; firstName: string; lastName: string; email: string; isOnline: number; isAdmin: number; avatarUrl: null; }' to type 'UserWithoutPassword' may be a mistake because neither type sufficiently overlaps with the other. If this was intentional, convert the expression to 'unknown' first.
  Type '{ id: number; username: string; firstName: string; lastName: string; email: string; isOnline: number; isAdmin: number; avatarUrl: null; }' is not comparable to type 'Omit<User, "password">'.
    Types of property 'isOnline' are incompatible.
      Type 'number' is not comparable to type 'boolean'.
client/src/hooks/use-toast.ts(3,53): error TS2307: Cannot find module '@/components/ui/toast' or its corresponding type declarations.
client/src/hooks/use-toast.ts(155,22): error TS7006: Parameter 'open' implicitly has an 'any' type.
client/src/hooks/use-translations.ts(3,26): error TS2307: Cannot find module '@/hooks/use-toast' or its corresponding type declarations.
client/src/lib/electron-types.ts(82,16): error TS2306: File 'C:/Users/DE81L/Downloads/CCNew/node_modules/vite/client.d.ts' is not a module.
client/src/lib/protected-route.tsx(1,25): error TS2307: Cannot find module '@/hooks/use-auth' or its corresponding type declarations.
client/src/lib/queryClient.ts(2,29): error TS2307: Cannot find module '@/hooks/use-electron' or its corresponding type declarations.
client/src/lib/useWebSocket.ts(2,25): error TS2307: Cannot find module '@/hooks/use-auth' or its corresponding type declarations.
client/src/lib/useWebSocket.ts(3,29): error TS2307: Cannot find module '@/hooks/use-electron' or its corresponding type declarations.
client/src/lib/useWebSocket.ts(105,23): error TS7006: Parameter 'err' implicitly has an 'any' type.
client/src/lib/useWebSocket.ts(155,19): error TS7006: Parameter 'err' implicitly has an 'any' type.
client/src/pages/announcements-section.tsx(3,25): error TS2307: Cannot find module '@/hooks/use-auth' or its corresponding type declarations.
client/src/pages/announcements-section.tsx(4,29): error TS2307: Cannot find module '@/lib/queryClient' or its corresponding type declarations.
client/src/pages/announcements-section.tsx(5,28): error TS2307: Cannot find module '@/lib/queryClient' or its corresponding type declarations.
client/src/pages/announcements-section.tsx(6,26): error TS2307: Cannot find module '@/hooks/use-toast' or its corresponding type declarations.
client/src/pages/announcements-section.tsx(19,8): error TS2307: Cannot find module '@/components/ui/dialog' or its corresponding type declarations.
client/src/pages/announcements-section.tsx(27,8): error TS2307: Cannot find module '@/components/ui/form' or its corresponding type declarations.
client/src/pages/announcements-section.tsx(28,24): error TS2307: Cannot find module '@/components/ui/button' or its corresponding type declarations.
client/src/pages/announcements-section.tsx(29,23): error TS2307: Cannot find module '@/components/ui/input' or its corresponding type declarations.
client/src/pages/announcements-section.tsx(30,26): error TS2307: Cannot find module '@/components/ui/textarea' or its corresponding type declarations.
client/src/pages/announcements-section.tsx(134,30): error TS7031: Binding element 'field' implicitly has an 'any' type.
client/src/pages/announcements-section.tsx(147,30): error TS7031: Binding element 'field' implicitly has an 'any' type.
client/src/pages/auth-page.tsx(3,25): error TS2307: Cannot find module '@/hooks/use-auth' or its corresponding type declarations.
client/src/pages/auth-page.tsx(7,24): error TS2307: Cannot find module '@/components/ui/button' or its corresponding type declarations.
client/src/pages/auth-page.tsx(8,23): error TS2307: Cannot find module '@/components/ui/input' or its corresponding type declarations.
client/src/pages/auth-page.tsx(9,58): error TS2307: Cannot find module '@/components/ui/tabs' or its corresponding type declarations.
client/src/pages/auth-page.tsx(17,8): error TS2307: Cannot find module '@/components/ui/card' or its corresponding type declarations.
client/src/pages/auth-page.tsx(25,8): error TS2307: Cannot find module '@/components/ui/form' or its corresponding type declarations.
client/src/pages/auth-page.tsx(35,26): error TS2307: Cannot find module '@/hooks/use-toast' or its corresponding type declarations.
client/src/pages/auth-page.tsx(79,27): error TS7006: Parameter 'value' implicitly has an 'any' type.
client/src/pages/auth-page.tsx(131,26): error TS7031: Binding element 'field' implicitly has an 'any' type.
client/src/pages/auth-page.tsx(147,26): error TS7031: Binding element 'field' implicitly has an 'any' type.
client/src/pages/auth-page.tsx(227,26): error TS7031: Binding element 'field' implicitly has an 'any' type.
client/src/pages/auth-page.tsx(240,26): error TS7031: Binding element 'field' implicitly has an 'any' type.
client/src/pages/auth-page.tsx(253,26): error TS7031: Binding element 'field' implicitly has an 'any' type.
client/src/pages/auth-page.tsx(266,26): error TS7031: Binding element 'field' implicitly has an 'any' type.
client/src/pages/auth-page.tsx(283,26): error TS7031: Binding element 'field' implicitly has an 'any' type.
client/src/pages/auth-page.tsx(300,26): error TS7031: Binding element 'field' implicitly has an 'any' type.
client/src/pages/contacts-section.tsx(3,25): error TS2307: Cannot find module '@/hooks/use-auth' or its corresponding type declarations.
client/src/pages/contacts-section.tsx(4,22): error TS2307: Cannot find module '@shared/schema' or its corresponding type declarations.
client/src/pages/contacts-section.tsx(5,24): error TS2307: Cannot find module '@/components/ui/button' or its corresponding type declarations.
client/src/pages/contacts-section.tsx(6,23): error TS2307: Cannot find module '@/components/ui/input' or its corresponding type declarations.
client/src/pages/contacts-section.tsx(7,40): error TS2307: Cannot find module '@/components/ui/avatar' or its corresponding type declarations.
client/src/pages/contacts-section.tsx(8,35): error TS2307: Cannot find module '@/components/ui/card' or its corresponding type declarations.
client/src/pages/contacts-section.tsx(77,26): error TS7006: Parameter 'e' implicitly has an 'any' type.
client/src/pages/groups-section.tsx(3,25): error TS2307: Cannot find module '@/hooks/use-auth' or its corresponding type declarations.
client/src/pages/groups-section.tsx(4,29): error TS2307: Cannot find module '@/lib/queryClient' or its corresponding type declarations.
client/src/pages/groups-section.tsx(5,28): error TS2307: Cannot find module '@/lib/queryClient' or its corresponding type declarations.
client/src/pages/groups-section.tsx(6,26): error TS2307: Cannot find module '@/hooks/use-toast' or its corresponding type declarations.
client/src/pages/groups-section.tsx(10,29): error TS2307: Cannot find module '@shared/schema' or its corresponding type declarations.
client/src/pages/groups-section.tsx(11,35): error TS2307: Cannot find module '@/components/ui/card' or its corresponding type declarations.
client/src/pages/groups-section.tsx(20,8): error TS2307: Cannot find module '@/components/ui/dialog' or its corresponding type declarations.
client/src/pages/groups-section.tsx(29,8): error TS2307: Cannot find module '@/components/ui/form' or its corresponding type declarations.
client/src/pages/groups-section.tsx(30,23): error TS2307: Cannot find module '@/components/ui/input' or its corresponding type declarations.
client/src/pages/groups-section.tsx(31,24): error TS2307: Cannot find module '@/components/ui/button' or its corresponding type declarations.
client/src/pages/groups-section.tsx(32,40): error TS2307: Cannot find module '@/components/ui/avatar' or its corresponding type declarations.
client/src/pages/groups-section.tsx(34,26): error TS2307: Cannot find module '@/components/ui/textarea' or its corresponding type declarations.
client/src/pages/groups-section.tsx(35,24): error TS2307: Cannot find module '@/components/ui/switch' or its corresponding type declarations.
client/src/pages/groups-section.tsx(137,30): error TS7031: Binding element 'field' implicitly has an 'any' type.
client/src/pages/groups-section.tsx(150,30): error TS7031: Binding element 'field' implicitly has an 'any' type.
client/src/pages/groups-section.tsx(166,30): error TS7031: Binding element 'field' implicitly has an 'any' type.
client/src/pages/home-page.tsx(2,20): error TS2307: Cannot find module '@/components/layout/header' or its corresponding type declarations.
client/src/pages/home-page.tsx(3,21): error TS2307: Cannot find module '@/components/layout/sidebar' or its corresponding type declarations.
client/src/pages/home-page.tsx(4,29): error TS2307: Cannot find module '@/pages/messages-section' or its corresponding type declarations.
client/src/pages/home-page.tsx(5,27): error TS2307: Cannot find module '@/pages/groups-section' or its corresponding type declarations.
client/src/pages/home-page.tsx(6,34): error TS2307: Cannot find module '@/pages/announcements-section' or its corresponding type declarations.
client/src/pages/home-page.tsx(7,29): error TS2307: Cannot find module '@/pages/requests-section' or its corresponding type declarations.
client/src/pages/home-page.tsx(8,29): error TS2307: Cannot find module '@/pages/contacts-section' or its corresponding type declarations.
client/src/pages/home-page.tsx(9,29): error TS2307: Cannot find module '@/pages/settings-section' or its corresponding type declarations.
client/src/pages/home-page.tsx(10,25): error TS2307: Cannot find module '@/pages/wiki-section' or its corresponding type declarations.
client/src/pages/home-page.tsx(11,23): error TS2307: Cannot find module '@/components/call-modal' or its corresponding type declarations.
client/src/pages/home-page.tsx(12,30): error TS2307: Cannot find module '@/lib/useWebSocket' or its corresponding type declarations.
client/src/pages/home-page.tsx(13,29): error TS2307: Cannot find module '@/types/sections' or its corresponding type declarations.
client/src/pages/messages-section.tsx(3,25): error TS2307: Cannot find module '@/hooks/use-auth' or its corresponding type declarations.
client/src/pages/messages-section.tsx(4,30): error TS2307: Cannot find module '@/lib/useWebSocket' or its corresponding type declarations.
client/src/pages/messages-section.tsx(5,23): error TS2307: Cannot find module '@/components/ui/input' or its corresponding type declarations.
client/src/pages/messages-section.tsx(6,24): error TS2307: Cannot find module '@/components/ui/button' or its corresponding type declarations.
client/src/pages/messages-section.tsx(7,40): error TS2307: Cannot find module '@/components/ui/avatar' or its corresponding type declarations.
client/src/pages/messages-section.tsx(8,26): error TS2307: Cannot find module '@/hooks/use-toast' or its corresponding type declarations.
client/src/pages/messages-section.tsx(19,29): error TS2307: Cannot find module '@/lib/queryClient' or its corresponding type declarations.
client/src/pages/messages-section.tsx(20,29): error TS2307: Cannot find module '@/lib/i18n/LanguageContext.tsx' or its corresponding type declarations.
client/src/pages/messages-section.tsx(248,28): error TS7006: Parameter 'e' implicitly has an 'any' type.
client/src/pages/not-found.tsx(1,35): error TS2307: Cannot find module '@/components/ui/card' or its corresponding type declarations.
client/src/pages/requests-section.tsx(3,28): error TS2307: Cannot find module '@/lib/queryClient' or its corresponding type declarations.
client/src/pages/settings-page.tsx(2,29): error TS2307: Cannot find module '@/lib/i18n/translations.ts' or its corresponding type declarations.
client/src/pages/settings-page.tsx(9,8): error TS2307: Cannot find module '@/components/ui/card' or its corresponding type declarations.
client/src/pages/settings-page.tsx(15,8): error TS2307: Cannot find module '@/components/ui/tabs' or its corresponding type declarations.
client/src/pages/settings-page.tsx(22,8): error TS2307: Cannot find module '@/components/ui/select' or its corresponding type declarations.
client/src/pages/settings-page.tsx(23,24): error TS2307: Cannot find module '@/components/ui/switch' or its corresponding type declarations.
client/src/pages/settings-page.tsx(24,23): error TS2307: Cannot find module '@/components/ui/label' or its corresponding type declarations.
client/src/pages/settings-page.tsx(25,26): error TS2307: Cannot find module '@/hooks/use-toast' or its corresponding type declarations.
client/src/pages/settings-page.tsx(26,24): error TS2307: Cannot find module '@/components/ui/button' or its corresponding type declarations.
client/src/pages/settings-page.tsx(137,37): error TS7006: Parameter 'value' implicitly has an 'any' type.
client/src/pages/settings-page.tsx(242,37): error TS7006: Parameter 'checked' implicitly has an 'any' type.
client/src/pages/settings-page.tsx(258,37): error TS7006: Parameter 'checked' implicitly has an 'any' type.
client/src/pages/settings-page.tsx(274,37): error TS7006: Parameter 'checked' implicitly has an 'any' type.
client/src/pages/settings-section.tsx(2,25): error TS2307: Cannot find module '@/hooks/use-auth' or its corresponding type declarations.
client/src/pages/settings-section.tsx(3,24): error TS2307: Cannot find module '@/components/ui/switch' or its corresponding type declarations.
client/src/pages/settings-section.tsx(4,24): error TS2307: Cannot find module '@/components/ui/button' or its corresponding type declarations.
client/src/pages/settings-section.tsx(5,26): error TS2307: Cannot find module '@/hooks/use-toast' or its corresponding type declarations.
client/src/pages/settings-section.tsx(6,26): error TS2307: Cannot find module '@/components/electron-info' or its corresponding type declarations.
client/src/pages/settings-section.tsx(7,29): error TS2307: Cannot find module '@/hooks/use-electron' or its corresponding type declarations.
client/src/pages/settings-section.tsx(8,58): error TS2307: Cannot find module '@/components/ui/card' or its corresponding type declarations.
client/src/pages/settings-section.tsx(9,27): error TS2307: Cannot find module '@/components/ui/separator' or its corresponding type declarations.
client/src/pages/settings-section.tsx(18,8): error TS2307: Cannot find module '@/components/ui/dialog' or its corresponding type declarations.
client/src/pages/settings-section.tsx(19,23): error TS2307: Cannot find module '@/components/ui/input' or its corresponding type declarations.
client/src/pages/settings-section.tsx(20,23): error TS2307: Cannot find module '@/components/ui/label' or its corresponding type declarations.
client/src/pages/settings-section.tsx(29,8): error TS2307: Cannot find module '@/components/ui/form' or its corresponding type declarations.
client/src/pages/settings-section.tsx(134,34): error TS7031: Binding element 'field' implicitly has an 'any' type.
client/src/pages/settings-section.tsx(151,34): error TS7031: Binding element 'field' implicitly has an 'any' type.
client/src/pages/settings-section.tsx(168,34): error TS7031: Binding element 'field' implicitly has an 'any' type.
client/src/pages/wiki-section.tsx(3,25): error TS2307: Cannot find module '@/hooks/use-auth' or its corresponding type declarations.
client/src/pages/wiki-section.tsx(4,28): error TS2307: Cannot find module '@/lib/queryClient' or its corresponding type declarations.
client/src/pages/wiki-section.tsx(5,75): error TS2307: Cannot find module '@/components/ui/card' or its corresponding type declarations.
client/src/pages/wiki-section.tsx(6,24): error TS2307: Cannot find module '@/components/ui/button' or its corresponding type declarations.
client/src/pages/wiki-section.tsx(7,23): error TS2307: Cannot find module '@/components/ui/input' or its corresponding type declarations.
client/src/pages/wiki-section.tsx(8,58): error TS2307: Cannot find module '@/components/ui/tabs' or its corresponding type declarations.
client/src/pages/wiki-section.tsx(9,114): error TS2307: Cannot find module '@/components/ui/dialog' or its corresponding type declarations.
client/src/pages/wiki-section.tsx(10,26): error TS2307: Cannot find module '@/components/ui/textarea' or its corresponding type declarations.
client/src/pages/wiki-section.tsx(11,26): error TS2307: Cannot find module '@/hooks/use-toast' or its corresponding type declarations.
client/src/pages/wiki-section.tsx(15,80): error TS2307: Cannot find module '@/components/ui/form' or its corresponding type declarations.
client/src/pages/wiki-section.tsx(16,79): error TS2307: Cannot find module '@/components/ui/select' or its corresponding type declarations.
client/src/pages/wiki-section.tsx(17,28): error TS2307: Cannot find module '@/components/ui/scroll-area' or its corresponding type declarations.
client/src/pages/wiki-section.tsx(18,113): error TS2307: Cannot find module '@/components/ui/breadcrumb' or its corresponding type declarations.
client/src/pages/wiki-section.tsx(373,11): error TS2322: Type 'number | null' is not assignable to type 'number'.
  Type 'null' is not assignable to type 'number'.
client/src/pages/wiki-section.tsx(444,21): error TS7006: Parameter 'e' implicitly has an 'any' type.
client/src/pages/wiki-section.tsx(632,28): error TS7031: Binding element 'field' implicitly has an 'any' type.
client/src/pages/wiki-section.tsx(646,28): error TS7031: Binding element 'field' implicitly has an 'any' type.
client/src/pages/wiki-section.tsx(675,28): error TS7031: Binding element 'field' implicitly has an 'any' type.
client/src/pages/wiki-section.tsx(723,28): error TS7031: Binding element 'field' implicitly has an 'any' type.
client/src/pages/wiki-section.tsx(737,28): error TS7031: Binding element 'field' implicitly has an 'any' type.
client/src/pages/wiki-section.tsx(755,28): error TS7031: Binding element 'field' implicitly has an 'any' type.
client/src/pages/wiki-section.tsx(761,41): error TS7006: Parameter 'value' implicitly has an 'any' type.
